// Jest Snapshot v1, https://goo.gl/fbAQLP

exports[`App Component and Children should render App correctly 1`] = `
<App>
  <div
    id="mainContainer"
  >
    <h2
      id="moduleTitle"
    >
      About this item
    </h2>
    <div
      id="tabHeading"
    >
      <div
        className="marginLeft"
      >
        <ul
          id="tabList"
        >
          <li
            className="tab selected"
            id="details"
            onClick={[Function]}
          >
            Details
          </li>
          <li
            className="tab  shipping"
            id="shipping"
            onClick={[Function]}
          >
            Shipping & Returns
          </li>
          <li
            className="tab  q-and-a"
            id="qAndA"
            onClick={[Function]}
          >
            Q&A (
            0
            )
          </li>
        </ul>
      </div>
    </div>
    <Details
      description=""
      highlights={Array []}
      specifications={Object {}}
      toggle={[Function]}
      toggleStatus={false}
      visible=""
    >
      <div
        className=""
        id="details-container"
      >
        <div
          className="containerWhite"
        >
          <div>
            <div
              className="marginLeft"
            >
              <h3
                className="highlights"
              >
                Highlights
              </h3>
              <HighlightsList
                highlights={Array []}
              >
                <ul
                  className="containerHighlights"
                />
              </HighlightsList>
            </div>
          </div>
        </div>
        <div
          className="containerWhite collapsed"
          id="specs-container"
        >
          <div>
            <div
              className="marginLeft"
            >
              <div
                className="containerSpecDesc"
              >
                <div
                  className="column"
                >
                  <h3
                    className="Specifications"
                  >
                    Specifications
                  </h3>
                  <SpecificationsList
                    specifications={Object {}}
                  >
                    <div>
                      <div
                        className="specContainer"
                      >
                        <b>
                          Dimensions (Overall): 
                        </b>
                        undefined (H) x
        undefined (W) x
        undefined (D)
                        <hr />
                      </div>
                      <div
                        className="specContainer"
                      >
                        <b>
                          Weight:
                        </b>
                         
                        <hr />
                      </div>
                      <div
                        className="reportDetails"
                      >
                        If the item details above aren't accurate or complete, we want to know about it. Report incorrect product info
                      </div>
                    </div>
                  </SpecificationsList>
                </div>
                <div
                  className="column"
                >
                  <h3
                    className="Description"
                  >
                    Description
                  </h3>
                  <div
                    className="descriptionContainer"
                  />
                </div>
              </div>
            </div>
          </div>
        </div>
        <button
          className="btn"
          id="btn-expand"
          onClick={[Function]}
          type="button"
        >
          Show more
        </button>
      </div>
    </Details>
    <ShippingAndReturns
      specs={Object {}}
      visible="displayNone"
    >
      <div
        className="displayNone"
        id="shipping-returns-container"
      >
        <div
          onClick={[Function]}
        >
          <ModalWarning
            modalClass="modalWarningClose"
            overlayClass="overlayHidden"
            showModal={false}
          >
            <div
              className="overlayHidden"
            >
              <div
                className="modalWarningClose"
              >
                <div
                  className="warningBoxHeader"
                >
                  <div
                    className="warningIcon"
                  >
                    <svg
                      focusable="false"
                      height="24"
                      viewBox="0 0 24 24"
                      width="24"
                      xmlns="http://www.w3.org/2000/svg"
                    >
                      <g
                        fill="none"
                        fillRule="evenodd"
                      >
                        <path
                          d="M1 21h22L12 2z"
                          fill="#E86900"
                        />
                        <path
                          d="M12 16a1.12 1.12 0 110 2.24A1.12 1.12 0 0112 16zm.75-7v5.75h-1.5V9h1.5z"
                          fill="#FFF"
                        />
                      </g>
                    </svg>
                  </div>
                  <h2
                    className="warningHeaderText"
                  >
                    This item won't be shipped in a Target box
                  </h2>
                  <div
                    className="warningClose"
                  >
                    <svg
                      focusable="false"
                      height="24"
                      viewBox="0 0 24 24"
                      width="24"
                      xmlns="http://www.w3.org/2000/svg"
                    >
                      <defs>
                        <circle
                          cx="12"
                          cy="12"
                          r="11"
                        />
                      </defs>
                      <g
                        fill="none"
                        fillRule="evenodd"
                      >
                        <mask
                          fill="#fff"
                          id="nds-Icon194b"
                        >
                          <circle
                            cx="12"
                            cy="12"
                            id="nds-Icon194a"
                            r="11"
                          />
                        </mask>
                        <path
                          d="M0 0h24v24H0z"
                          fill="#333"
                          mask="url(#nds-Icon194b)"
                        />
                        <path
                          d="M12 10.586l4.243-4.243 1.414 1.414L13.414 12l4.243 4.243-1.414 1.414L12 13.414l-4.243 4.243-1.414-1.414L10.586 12 6.343 7.757l1.414-1.414z"
                          fill="#FFF"
                          mask="url(#nds-Icon194b)"
                        />
                      </g>
                    </svg>
                  </div>
                </div>
                <div
                  className="warningMessage"
                >
                  <p>
                    Because this item ships in its original packaging, there's no way to hide what it is. If you're giving it as a gift and don't want to spoil the surprise, here are a couple options:
                  </p>
                  <ul
                    className="warningList"
                  >
                    <li
                      className="warningListItem"
                    >
                      Have the item sent to a trusted friend or relative's home.
                    </li>
                    <li
                      className="warningListItem"
                    >
                      Choose Order Pickup
                    </li>
                  </ul>
                </div>
              </div>
            </div>
          </ModalWarning>
        </div>
        <div
          className="containerWhite"
        >
          <div>
            <div
              className="marginLeft"
            >
              <h3
                className="shippingOptions"
              >
                Shipping options
              </h3>
              <div>
                <span
                  className="shippingGreen"
                >
                  Get it by 
                  Wed, Dec 02
                </span>
                 with free Standard Shipping
              </div>
              <h3
                className="shippingDetails"
              >
                Shipping details
              </h3>
              <div>
                Estimated ship dimensions: 
                 length x 
                 width x 
                 height
              </div>
              <div>
                Estimated ship weight: 
              </div>
              <div
                className="shippingWarning"
              >
                <div
                  className="warningIcon"
                >
                  <svg
                    focusable="false"
                    height="24"
                    viewBox="0 0 24 24"
                    width="24"
                    xmlns="http://www.w3.org/2000/svg"
                  >
                    <g
                      fill="none"
                      fillRule="evenodd"
                    >
                      <path
                        d="M1 21h22L12 2z"
                        fill="#E86900"
                      />
                      <path
                        d="M12 16a1.12 1.12 0 110 2.24A1.12 1.12 0 0112 16zm.75-7v5.75h-1.5V9h1.5z"
                        fill="#FFF"
                      />
                    </g>
                  </svg>
                </div>
                <span>
                  Because this item ships in its original packaging, there's no way to hide what it is. 
                  <a
                    className="underline"
                    onClick={[Function]}
                  >
                    Details
                  </a>
                </span>
              </div>
              <h3
                className="returnDetails"
              >
                Return details
              </h3>
              <div>
                This item can be returned to any Target store or Target.com.
              </div>
              <div>
                This item must be returned within 90 days of the in-store purchase, ship date or online order pickup. See return policy for details.
              </div>
              <div>
                See the 
                <a>
                  return policy
                </a>
                 for complete information.
              </div>
            </div>
          </div>
        </div>
      </div>
    </ShippingAndReturns>
    <QAndA
      answers={Array []}
      questionCount={0}
      questions={Array []}
      visible="displayNone"
    >
      <div
        className="displayNone"
        id="q-and-a-container"
      >
        <div
          className="marginLeft"
        >
          <div
            className="containerQuestions"
          >
            <QuestionList
              answers={Array []}
              questions={Array []}
              visibleQuestions={2}
            >
              <div />
            </QuestionList>
          </div>
        </div>
        <div
          className="questionButtonRow"
        >
          <div
            className="questionButtonColumn"
            id="more-questions"
          >
            <button
              className="btn question more"
              onClick={[Function]}
              type="button"
            >
              See more questions (
              0
              )
            </button>
          </div>
          <div
            className="questionButtonColumn"
          >
            <button
              className="btn question ask"
              type="button"
            >
              Ask a question
            </button>
          </div>
        </div>
      </div>
    </QAndA>
  </div>
</App>
`;
